// Jest Snapshot v1, https://goo.gl/fbAQLP

exports[`EditRewardBeneficiary should render 1`] = `
<div>
  <div
    class="inline-flex select-none items-center gap-2 rounded-lg border border-grey-200 py-1.5 pl-3 pr-2 dark:border-slate-500 bg-grey-25 dark:bg-slate-950"
  >
    <span
      class="text-sm font-medium leading-5 text-grey-700 dark:text-slate-200"
    >
      <div>
        0x123
      </div>
    </span>
    <button
      aria-label="Edit"
      class="h-fit p-0"
      type="button"
    >
      <svg
        aria-hidden="true"
        class="h-4 w-4 text-grey-400 dark:text-slate-400"
        fill="currentColor"
        viewBox="0 0 24 24"
        xmlns="http://www.w3.org/2000/svg"
      >
        <path
          d="M21.731 2.269a2.625 2.625 0 00-3.712 0l-1.157 1.157 3.712 3.712 1.157-1.157a2.625 2.625 0 000-3.712zM19.513 8.199l-3.712-3.712-8.4 8.4a5.25 5.25 0 00-1.32 2.214l-.8 2.685a.75.75 0 00.933.933l2.685-.8a5.25 5.25 0 002.214-1.32l8.4-8.4z"
        />
        <path
          d="M5.25 5.25a3 3 0 00-3 3v10.5a3 3 0 003 3h10.5a3 3 0 003-3V13.5a.75.75 0 00-1.5 0v5.25a1.5 1.5 0 01-1.5 1.5H5.25a1.5 1.5 0 01-1.5-1.5V8.25a1.5 1.5 0 011.5-1.5h5.25a.75.75 0 000-1.5H5.25z"
        />
      </svg>
    </button>
  </div>
</div>
`;
