// Jest Snapshot v1, https://goo.gl/fbAQLP

exports[`PayProjectCard renders 1`] = `
<div>
  <div
    class="rounded-lg bg-smoke-50 py-5 px-6 dark:bg-slate-700 flex flex-col gap-2 pr-9"
  >
    <div
      class="font-medium"
    >
      Pay Project
    </div>
    <form
      class="flex flex-col gap-2"
    >
      <div
        class="flex gap-2"
      >
        <input
          class="flex-1"
          data-testid="mock-pay-input"
          name="payAmount"
          placeholder="0"
          value=""
        />
        <button
          class="ant-btn ant-btn-primary h-full"
          type="submit"
        >
          Add payment
        </button>
      </div>
      <div
        class="text-xs text-smoke-500 dark:text-slate-200"
        data-testid="pay-project-card-tokens-per-pay"
      >
        <div
          data-testid="tokens-per-eth"
        >
          {"currencyAmount":{"currency":1}}
        </div>
      </div>
    </form>
  </div>
</div>
`;
