// Jest Snapshot v1, https://goo.gl/fbAQLP

exports[`SummaryExpandedView should render correctly 1`] = `
<div>
  <div
    class="flex h-full w-full min-w-0 flex-col justify-between gap-5"
    data-testid="cart-summary-open-view"
  >
    <div
      class="relative px-8 pt-6 md:pt-12"
    >
      <div
        class="flex justify-between gap-5"
      >
        <span
          class="font-heading text-xl font-medium md:text-2xl"
        >
          Summary
        </span>
      </div>
    </div>
    <div
      class="flex h-full min-h-0 cursor-auto flex-col justify-between gap-4 px-8 pb-14 md:flex-row"
      data-testid="cart-summary-open-view-summary"
    >
      <div
        class="flex min-h-0 w-full min-w-0 flex-shrink flex-col gap-4 pb-5 md:max-w-xl md:pb-0"
      >
        <div
          class="flex w-full flex-shrink flex-col overflow-y-scroll md:block md:w-auto"
        />
      </div>
      <div
        class="flex cursor-auto items-center gap-8 self-end rounded-lg border border-grey-200 p-8 dark:border-slate-500 dark:bg-slate-700"
        data-testid="cart-summary-open-view-total"
      >
        <div
          class="flex flex-col items-center gap-2 whitespace-nowrap"
        >
          <span
            class="text-sm text-grey-500 dark:text-slate-200"
          >
            Total to pay
          </span>
          <span
            class="font-heading text-2xl font-medium"
          >
            0.0000 ETH
          </span>
        </div>
        <button
          class="ant-btn ant-btn-primary"
          type="button"
        >
          <span>
            Connect wallet
          </span>
        </button>
      </div>
    </div>
  </div>
</div>
`;
