// Jest Snapshot v1, https://goo.gl/fbAQLP

exports[`SummaryExpandedView should render correctly 1`] = `
<div>
  <div
    class="flex h-full w-full flex-col justify-between px-8 pt-6 pb-14 md:flex-row md:pt-12"
    data-testid="cart-summary-open-view"
  >
    <div
      class="flex min-h-0 w-full max-w-xl flex-shrink cursor-auto flex-col gap-4"
      data-testid="cart-summary-open-view-summary"
    >
      <div
        class="flex justify-between gap-5"
      >
        <span
          class="font-heading text-xl font-medium md:text-2xl"
        >
          Summary
        </span>
        <svg
          aria-hidden="true"
          class="h-8 w-8 rotate-180"
          fill="none"
          role="button"
          stroke="currentColor"
          stroke-width="1.5"
          viewBox="0 0 24 24"
          xmlns="http://www.w3.org/2000/svg"
        >
          <path
            d="M4.5 15.75l7.5-7.5 7.5 7.5"
            stroke-linecap="round"
            stroke-linejoin="round"
          />
        </svg>
      </div>
      <div
        class="flex w-full flex-shrink flex-col overflow-y-scroll md:block md:w-auto"
      />
    </div>
    <div
      class="flex cursor-auto items-center gap-8 self-end rounded-lg border border-grey-200 p-8 dark:border-slate-500 dark:bg-slate-700"
      data-testid="cart-summary-open-view-total"
    >
      <div
        class="flex flex-col items-center gap-2 whitespace-nowrap"
      >
        <span
          class="text-sm text-grey-500 dark:text-slate-200"
        >
          Total to pay
        </span>
        <span
          class="font-heading text-2xl font-medium"
        >
          0.0000 ETH
        </span>
      </div>
      <button
        class="ant-btn ant-btn-primary"
        type="button"
      >
        <span>
          Connect wallet
        </span>
      </button>
    </div>
  </div>
</div>
`;
