// Jest Snapshot v1, https://goo.gl/fbAQLP

exports[`SummaryExpandedView should render correctly 1`] = `
<div>
  <div
    class="flex h-full w-full justify-between px-8 pt-12 pb-14"
    data-testid="cart-summary-open-view"
  >
    <div
      class="flex w-full max-w-xl cursor-auto flex-col gap-4"
      data-testid="cart-summary-open-view-summary"
    >
      <span
        class="font-heading text-2xl font-medium"
      >
        Summary
      </span>
      <div />
    </div>
    <div
      class="flex cursor-auto items-center gap-8 self-end rounded-lg border border-grey-200 p-8 dark:border-slate-500 dark:bg-slate-700"
      data-testid="cart-summary-open-view-total"
    >
      <div
        class="flex flex-col items-center gap-2 whitespace-nowrap"
      >
        <span
          class="text-sm text-grey-500 dark:text-slate-200"
        >
          Total to pay
        </span>
        <span
          class="text-2xl font-medium"
        >
          0.0000 ETH
        </span>
      </div>
      <button
        class="ant-btn ant-btn-primary"
        role="button"
        type="button"
      >
        Pay project
      </button>
    </div>
  </div>
</div>
`;
