// Jest Snapshot v1, https://goo.gl/fbAQLP

exports[`ConfigurationTable renders 1`] = `
<div>
  <div>
    <table
      class="w-full"
    >
      <thead>
        <tr>
          <th
            class="text-start text-base font-semibold"
          >
            title
          </th>
        </tr>
      </thead>
      <tbody>
        <tr
          class="flex justify-between border-b border-grey-200 py-3"
        >
          <td
            class="flex justify-between gap-3"
          >
            foo
          </td>
          <td
            class="text-end"
          >
            <div
              class="flex flex-col items-center gap-2"
            >
              <div
                class="flex w-full items-center justify-between gap-3.5 rounded bg-error-100 p-1 font-medium text-error-700"
              >
                <svg
                  aria-hidden="true"
                  class="inline-block h-5 w-5"
                  fill="none"
                  stroke="currentColor"
                  stroke-width="1.5"
                  viewBox="0 0 24 24"
                  xmlns="http://www.w3.org/2000/svg"
                >
                  <path
                    d="M15 12H9m12 0a9 9 0 11-18 0 9 9 0 0118 0z"
                    stroke-linecap="round"
                    stroke-linejoin="round"
                  />
                </svg>
                <span>
                  old
                </span>
              </div>
              <div
                class="flex w-full items-center justify-between gap-3.5 rounded bg-melon-100 p-1 font-medium text-melon-700"
              >
                <svg
                  aria-hidden="true"
                  class="inline-block h-5 w-5"
                  fill="none"
                  stroke="currentColor"
                  stroke-width="1.5"
                  viewBox="0 0 24 24"
                  xmlns="http://www.w3.org/2000/svg"
                >
                  <path
                    d="M12 9v6m3-3H9m12 0a9 9 0 11-18 0 9 9 0 0118 0z"
                    stroke-linecap="round"
                    stroke-linejoin="round"
                  />
                </svg>
                <span>
                  new
                </span>
              </div>
            </div>
          </td>
        </tr>
        <tr
          class="flex justify-between border-b border-grey-200 py-3"
        >
          <td
            class="flex justify-between gap-3"
          >
            bar
          </td>
          <td
            class="text-end"
          >
            new
          </td>
        </tr>
        <tr
          class="flex justify-between border-b border-grey-200 py-3"
        >
          <td
            class="flex justify-between gap-3"
          >
            baz
          </td>
          <td
            class="text-end"
          >
            <div
              class="flex flex-col items-center gap-2"
            >
              <div
                class="flex w-full items-center justify-between gap-3.5 rounded bg-error-100 p-1 font-medium text-error-700"
              >
                <svg
                  aria-hidden="true"
                  class="inline-block h-5 w-5"
                  fill="none"
                  stroke="currentColor"
                  stroke-width="1.5"
                  viewBox="0 0 24 24"
                  xmlns="http://www.w3.org/2000/svg"
                >
                  <path
                    d="M15 12H9m12 0a9 9 0 11-18 0 9 9 0 0118 0z"
                    stroke-linecap="round"
                    stroke-linejoin="round"
                  />
                </svg>
                <span>
                  old
                </span>
              </div>
              <div
                class="flex w-full items-center justify-between gap-3.5 rounded bg-melon-100 p-1 font-medium text-melon-700"
              >
                <svg
                  aria-hidden="true"
                  class="inline-block h-5 w-5"
                  fill="none"
                  stroke="currentColor"
                  stroke-width="1.5"
                  viewBox="0 0 24 24"
                  xmlns="http://www.w3.org/2000/svg"
                >
                  <path
                    d="M12 9v6m3-3H9m12 0a9 9 0 11-18 0 9 9 0 0118 0z"
                    stroke-linecap="round"
                    stroke-linejoin="round"
                  />
                </svg>
                <span>
                  new
                </span>
              </div>
            </div>
          </td>
        </tr>
      </tbody>
    </table>
  </div>
</div>
`;
