// Jest Snapshot v1, https://goo.gl/fbAQLP

exports[`CyclesPayoutsPanel renders 1`] = `
<div>
  <div
    class="flex w-full max-w-xl flex-col gap-5"
  >
    <div
      class="flex items-center justify-between"
    >
      <h2
        class="font-heading text-2xl font-medium"
      >
        Cycle
      </h2>
      <div
        aria-orientation="horizontal"
        class="flex gap-2"
        role="tablist"
      >
        <button
          aria-controls="headlessui-tabs-panel-:r3:"
          aria-selected="true"
          class="outline-none"
          data-headlessui-state="selected"
          id="headlessui-tabs-tab-:r0:"
          role="tab"
          tabindex="0"
          type="button"
        >
          <div
            class="rounded-2xl py-0.5 px-3 bg-smoke-700 text-grey-25"
          >
            Current
          </div>
        </button>
        <button
          aria-controls="headlessui-tabs-panel-:r4:"
          aria-selected="false"
          class="outline-none"
          data-headlessui-state=""
          id="headlessui-tabs-tab-:r1:"
          role="tab"
          tabindex="-1"
          type="button"
        >
          <div
            class="rounded-2xl bg-smoke-50 py-0.5 px-3 text-smoke-600"
          >
            Upcoming
          </div>
        </button>
        <button
          aria-controls="headlessui-tabs-panel-:r5:"
          aria-selected="false"
          class="outline-none"
          data-headlessui-state=""
          id="headlessui-tabs-tab-:r2:"
          role="tab"
          tabindex="-1"
          type="button"
        >
          <div
            class="rounded-2xl bg-smoke-50 py-0.5 px-3 text-smoke-600"
          >
            History
          </div>
        </button>
      </div>
    </div>
    <div>
      <div
        aria-labelledby="headlessui-tabs-tab-:r0:"
        data-headlessui-state="selected"
        id="headlessui-tabs-panel-:r3:"
        role="tabpanel"
        tabindex="0"
      >
        <div>
          <div
            class="flex flex-col gap-4"
          >
            <div
              class="flex gap-4"
            >
              <div
                class="rounded-lg bg-smoke-50 py-5 px-6 w-full max-w-[127px]"
              >
                <div
                  class="flex flex-col gap-2 text-sm font-medium text-grey-600"
                >
                  Cycle #
                  <div
                    class="font-heading text-2xl font-medium"
                  >
                    21
                  </div>
                </div>
              </div>
              <div
                class="rounded-lg bg-smoke-50 py-5 px-6 w-full max-w-[142px]"
              >
                <div
                  class="flex flex-col gap-2 text-sm font-medium text-grey-600"
                >
                  Status
                  <div
                    class="font-heading text-2xl font-medium"
                  >
                    Locked
                  </div>
                </div>
              </div>
              <div
                class="rounded-lg bg-smoke-50 py-5 px-6 flex-1"
              >
                <div
                  class="flex flex-col gap-2 text-sm font-medium text-grey-600"
                >
                  Remaining time
                  <div
                    class="font-heading text-2xl font-medium"
                  >
                    23d 23h 59m 59s
                  </div>
                </div>
              </div>
            </div>
            <div
              class="rounded-lg bg-smoke-50 py-5 px-6"
            >
              <div
                class="flex items-center justify-between"
              >
                <div
                  class="flex flex-col gap-2 text-sm font-medium text-grey-600"
                >
                  Current cycle
                  <div
                    class="font-heading text-2xl font-medium"
                  >
                    Configuration
                  </div>
                </div>
                <svg
                  aria-hidden="true"
                  class="h-6 w-6"
                  fill="none"
                  stroke="currentColor"
                  stroke-width="1.5"
                  viewBox="0 0 24 24"
                  xmlns="http://www.w3.org/2000/svg"
                >
                  <path
                    d="M19.5 8.25l-7.5 7.5-7.5-7.5"
                    stroke-linecap="round"
                    stroke-linejoin="round"
                  />
                </svg>
              </div>
            </div>
          </div>
          <div />
        </div>
      </div>
      <span
        aria-labelledby="headlessui-tabs-tab-:r1:"
        id="headlessui-tabs-panel-:r4:"
        role="tabpanel"
        style="position: fixed; top: 1px; left: 1px; width: 1px; height: 0px; padding: 0px; margin: -1px; overflow: hidden; clip: rect(0px, 0px, 0px, 0px); white-space: nowrap; border-width: 0px;"
        tabindex="-1"
      />
      <span
        aria-labelledby="headlessui-tabs-tab-:r2:"
        id="headlessui-tabs-panel-:r5:"
        role="tabpanel"
        style="position: fixed; top: 1px; left: 1px; width: 1px; height: 0px; padding: 0px; margin: -1px; overflow: hidden; clip: rect(0px, 0px, 0px, 0px); white-space: nowrap; border-width: 0px;"
        tabindex="-1"
      />
    </div>
  </div>
</div>
`;
