// Jest Snapshot v1, https://goo.gl/fbAQLP

exports[`ReservedTokensSubPanel renders 1`] = `
<div>
  <div
    class=""
  >
    <h2
      class="mb-0 font-heading text-2xl font-medium"
    >
      Reserved tokens
    </h2>
    <div
      class="mt-5 flex flex-col items-center gap-4"
    >
      <div
        class="flex w-full flex-wrap items-center gap-4"
      >
        <div
          class="rounded-lg bg-smoke-50 py-5 px-6 dark:bg-slate-700 w-full min-w-min flex-[1_0_0]"
        >
          <div
            class="flex w-full flex-col gap-2"
          >
            <span
              class="flex items-center justify-between gap-3"
            >
              <span
                class="max-w-min whitespace-nowrap font-body text-sm font-medium text-grey-600 dark:text-slate-200"
              >
                Reserved tokens
              </span>
            </span>
            <span
              class="truncate font-heading text-xl font-medium dark:text-slate-50"
            >
              21%
            </span>
          </div>
        </div>
        <div
          class="rounded-lg bg-smoke-50 py-5 px-6 dark:bg-slate-700 w-full min-w-min flex-[1_0_0]"
        >
          <div
            class="flex w-full flex-col gap-2"
          >
            <span
              class="flex items-center justify-between gap-3"
            >
              <span
                class="max-w-min whitespace-nowrap font-body text-sm font-medium text-grey-600 dark:text-slate-200"
              >
                Reserved rate
              </span>
            </span>
            <span
              class="truncate font-heading text-xl font-medium dark:text-slate-50"
            >
              82%
            </span>
          </div>
        </div>
      </div>
      <div
        class="rounded-lg bg-smoke-50 py-5 px-6 dark:bg-slate-700 w-full"
      >
        <div
          class="flex w-full flex-col gap-2"
        >
          <span
            class="flex items-center justify-between gap-3"
          >
            <span
              class="max-w-min whitespace-nowrap font-body text-sm font-medium text-grey-600 dark:text-slate-200"
            >
              Reserved tokens list
            </span>
            <div
              class="relative"
              data-headlessui-state=""
            >
              <button
                aria-expanded="false"
                aria-haspopup="menu"
                class=""
                data-headlessui-state=""
                id="headlessui-menu-button-:r0:"
                type="button"
              >
                <svg
                  aria-hidden="true"
                  class="h-6 w-6"
                  fill="none"
                  stroke="currentColor"
                  stroke-width="1.5"
                  viewBox="0 0 24 24"
                  xmlns="http://www.w3.org/2000/svg"
                >
                  <path
                    d="M12 6.75a.75.75 0 110-1.5.75.75 0 010 1.5zM12 12.75a.75.75 0 110-1.5.75.75 0 010 1.5zM12 18.75a.75.75 0 110-1.5.75.75 0 010 1.5z"
                    stroke-linecap="round"
                    stroke-linejoin="round"
                  />
                </svg>
              </button>
            </div>
          </span>
        </div>
        <div
          class="mt-4 flex w-full flex-col divide-y divide-grey-200 border-b border-grey-200 dark:divide-slate-500 dark:border-slate-500"
        >
          <div>
            {"address":"0x00000","percent":"0%"}
          </div>
          <div>
            {"address":"0x00001","percent":"21%","projectId":1}
          </div>
        </div>
        <div>
          {"className":"z-0 mt-6 w-full justify-center md:w-auto","containerClassName":"md:self-end"}
        </div>
      </div>
    </div>
  </div>
</div>
`;
