// Jest Snapshot v1, https://goo.gl/fbAQLP

exports[`ReservedTokensSubPanel renders 1`] = `
<div>
  <div
    class=""
  >
    <h2
      class="mb-0 font-heading text-2xl font-medium"
    >
      Reserved tokens
    </h2>
    <div
      class="mt-5 flex flex-col items-center gap-4"
    >
      <div
        class="flex w-full items-center gap-4"
      >
        <div
          class="rounded-lg bg-smoke-50 py-5 px-6 dark:bg-slate-700 flex w-full flex-col gap-2"
        >
          <h3
            class="text-grey-60 font-body0 mb-0 max-w-min whitespace-nowrap text-sm font-medium dark:text-slate-200"
          >
            Reserved tokens
          </h3>
          <span
            class="font-heading text-xl font-medium"
          >
            21%
          </span>
        </div>
        <div
          class="rounded-lg bg-smoke-50 py-5 px-6 dark:bg-slate-700 flex w-full flex-col gap-2"
        >
          <h3
            class="text-grey-60 font-body0 mb-0 max-w-min whitespace-nowrap text-sm font-medium dark:text-slate-200"
          >
            Reserved rate
          </h3>
          <span
            class="font-heading text-xl font-medium"
          >
            82%
          </span>
        </div>
      </div>
      <div
        class="rounded-lg bg-smoke-50 py-5 px-6 dark:bg-slate-700 flex w-full flex-col pb-8"
      >
        <div
          class="flex items-center justify-between gap-3"
        >
          <h3
            class="mb-0 whitespace-nowrap font-body text-sm font-medium dark:text-slate-200"
          >
            Reserved tokens list
          </h3>
        </div>
        <div
          class="mt-4 flex w-full flex-col divide-y divide-grey-200 border-b border-grey-200 dark:divide-slate-500 dark:border-slate-500"
        >
          <div>
            {"address":"0x00000","percent":"0%"}
          </div>
          <div>
            {"address":"0x00001","percent":"21%","projectId":1}
          </div>
        </div>
        <div>
          {"className":"z-0 mt-6 w-full justify-center md:w-auto","containerClassName":"md:self-end"}
        </div>
      </div>
    </div>
  </div>
</div>
`;
